  Activating project at `~/Documents/Physics Part III/CMB_Project`
    CondaPkg Found dependencies: /Users/megdearden-hellawell/.julia/packages/CondaPkg/0UqYV/CondaPkg.toml
    CondaPkg Found dependencies: /Users/megdearden-hellawell/.julia/packages/PythonCall/mkWc2/CondaPkg.toml
    CondaPkg Found dependencies: /Users/megdearden-hellawell/.julia/packages/PythonPlot/oS8x4/CondaPkg.toml
    CondaPkg Found dependencies: /Users/megdearden-hellawell/.julia/packages/CMBLensing/JIBUG/CondaPkg.toml
    CondaPkg Found dependencies: /Users/megdearden-hellawell/.julia/environments/v1.9/CondaPkg.toml
    CondaPkg Initialising pixi
             │ /Users/megdearden-hellawell/.julia/artifacts/d2fecc2a9fa3eac2108d3e4d9d155e6ff5dfd0b2/bin/pixi
             │ init
             │ --format pixi
             └ /Users/megdearden-hellawell/Documents/Physics Part III/CMB_Project/.CondaPkg
✔ Created /Users/megdearden-hellawell/Documents/Physics Part III/CMB_Project/.CondaPkg/pixi.toml
    CondaPkg Wrote /Users/megdearden-hellawell/Documents/Physics Part III/CMB_Project/.CondaPkg/pixi.toml
             │ [dependencies]
             │ uv = ">=0.4"
             │ matplotlib = ">=1"
             │ camb = "*"
             │ 
             │     [dependencies.python]
             │     channel = "conda-forge"
             │     build = "*cp*"
             │     version = ">=3.9,<4"
             │ 
             │ [project]
             │ name = ".CondaPkg"
             │ platforms = ["osx-arm64"]
             │ channels = ["conda-forge"]
             │ channel-priority = "strict"
             │ description = "automatically generated by CondaPkg.jl"
             │ 
             │ [pypi-dependencies]
             └ camb = "*"
    CondaPkg Installing packages
             │ /Users/megdearden-hellawell/.julia/artifacts/d2fecc2a9fa3eac2108d3e4d9d155e6ff5dfd0b2/bin/pixi
             │ install
             └ --manifest-path /Users/megdearden-hellawell/Documents/Physics Part III/CMB_Project/.CondaPkg/pixi.toml
✔ The default environment has been installed.
f_sky_patch = 0.0009766

======================================================================
=== Noise: μKarcminT=1.0, Lmax=12000, beamFWHM=1.0arcmin  (suffix="") ===
======================================================================
  Sim 1/400 (seed=1001) ... done
  Sim 2/400 (seed=1002) ... done
  Sim 3/400 (seed=1003) ... done
  Sim 4/400 (seed=1004) ... done
  Sim 5/400 (seed=1005) ... done
  Sim 6/400 (seed=1006) ... done
  Sim 7/400 (seed=1007) ... done
  Sim 8/400 (seed=1008) ... done
  Sim 9/400 (seed=1009) ... done
  Sim 10/400 (seed=1010) ... done
  Sim 11/400 (seed=1011) ... done
  Sim 12/400 (seed=1012) ... done
  Sim 13/400 (seed=1013) ... done
  Sim 14/400 (seed=1014) ... done
  Sim 15/400 (seed=1015) ... done
  Sim 16/400 (seed=1016) ... done
  Sim 17/400 (seed=1017) ... done
  Sim 18/400 (seed=1018) ... done
  Sim 19/400 (seed=1019) ... done
  Sim 20/400 (seed=1020) ... done
  Sim 21/400 (seed=1021) ... done
  Sim 22/400 (seed=1022) ... done
  Sim 23/400 (seed=1023) ... done
  Sim 24/400 (seed=1024) ... done
  Sim 25/400 (seed=1025) ... done
  Sim 26/400 (seed=1026) ... done
  Sim 27/400 (seed=1027) ... done
  Sim 28/400 (seed=1028) ... done
  Sim 29/400 (seed=1029) ... done
  Sim 30/400 (seed=1030) ... done
  Sim 31/400 (seed=1031) ... done
  Sim 32/400 (seed=1032) ... done
  Sim 33/400 (seed=1033) ... done
  Sim 34/400 (seed=1034) ... done
  Sim 35/400 (seed=1035) ... done
  Sim 36/400 (seed=1036) ... done
  Sim 37/400 (seed=1037) ... done
  Sim 38/400 (seed=1038) ... done
  Sim 39/400 (seed=1039) ... done
  Sim 40/400 (seed=1040) ... done
  Sim 41/400 (seed=1041) ... done
  Sim 42/400 (seed=1042) ... done
  Sim 43/400 (seed=1043) ... done
  Sim 44/400 (seed=1044) ... done
  Sim 45/400 (seed=1045) ... done
  Sim 46/400 (seed=1046) ... done
  Sim 47/400 (seed=1047) ... done
  Sim 48/400 (seed=1048) ... done
  Sim 49/400 (seed=1049) ... done
  Sim 50/400 (seed=1050) ... done
  Sim 51/400 (seed=1051) ... done
  Sim 52/400 (seed=1052) ... done
  Sim 53/400 (seed=1053) ... done
  Sim 54/400 (seed=1054) ... done
  Sim 55/400 (seed=1055) ... done
  Sim 56/400 (seed=1056) ... done
  Sim 57/400 (seed=1057) ... done
  Sim 58/400 (seed=1058) ... done
  Sim 59/400 (seed=1059) ... done
  Sim 60/400 (seed=1060) ... done
  Sim 61/400 (seed=1061) ... done
  Sim 62/400 (seed=1062) ... done
  Sim 63/400 (seed=1063) ... done
  Sim 64/400 (seed=1064) ... done
  Sim 65/400 (seed=1065) ... done
  Sim 66/400 (seed=1066) ... done
  Sim 67/400 (seed=1067) ... done
  Sim 68/400 (seed=1068) ... done
  Sim 69/400 (seed=1069) ... done
  Sim 70/400 (seed=1070) ... done
  Sim 71/400 (seed=1071) ... done
  Sim 72/400 (seed=1072) ... done
  Sim 73/400 (seed=1073) ... done
  Sim 74/400 (seed=1074) ... done
  Sim 75/400 (seed=1075) ... done
  Sim 76/400 (seed=1076) ... done
  Sim 77/400 (seed=1077) ... done
  Sim 78/400 (seed=1078) ... done
  Sim 79/400 (seed=1079) ... done
  Sim 80/400 (seed=1080) ... done
  Sim 81/400 (seed=1081) ... done
  Sim 82/400 (seed=1082) ... done
  Sim 83/400 (seed=1083) ... done
  Sim 84/400 (seed=1084) ... done
  Sim 85/400 (seed=1085) ... done
  Sim 86/400 (seed=1086) ... done
  Sim 87/400 (seed=1087) ... done
  Sim 88/400 (seed=1088) ... done
  Sim 89/400 (seed=1089) ... done
  Sim 90/400 (seed=1090) ... done
  Sim 91/400 (seed=1091) ... done
  Sim 92/400 (seed=1092) ... done
  Sim 93/400 (seed=1093) ... done
  Sim 94/400 (seed=1094) ... done
  Sim 95/400 (seed=1095) ... done
  Sim 96/400 (seed=1096) ... done
  Sim 97/400 (seed=1097) ... done
  Sim 98/400 (seed=1098) ... done
  Sim 99/400 (seed=1099) ... done
  Sim 100/400 (seed=1100) ... done
  Sim 101/400 (seed=1101) ... done
  Sim 102/400 (seed=1102) ... done
  Sim 103/400 (seed=1103) ... done
  Sim 104/400 (seed=1104) ... done
  Sim 105/400 (seed=1105) ... done
  Sim 106/400 (seed=1106) ... done
  Sim 107/400 (seed=1107) ... done
  Sim 108/400 (seed=1108) ... done
  Sim 109/400 (seed=1109) ... done
  Sim 110/400 (seed=1110) ... done
  Sim 111/400 (seed=1111) ... done
  Sim 112/400 (seed=1112) ... done
  Sim 113/400 (seed=1113) ... done
  Sim 114/400 (seed=1114) ... done
  Sim 115/400 (seed=1115) ... done
  Sim 116/400 (seed=1116) ... done
  Sim 117/400 (seed=1117) ... done
  Sim 118/400 (seed=1118) ... done
  Sim 119/400 (seed=1119) ... done
  Sim 120/400 (seed=1120) ... done
  Sim 121/400 (seed=1121) ... done
  Sim 122/400 (seed=1122) ... done
  Sim 123/400 (seed=1123) ... done
  Sim 124/400 (seed=1124) ... done
  Sim 125/400 (seed=1125) ... done
  Sim 126/400 (seed=1126) ... done
  Sim 127/400 (seed=1127) ... done
  Sim 128/400 (seed=1128) ... done
  Sim 129/400 (seed=1129) ... done
  Sim 130/400 (seed=1130) ... done
  Sim 131/400 (seed=1131) ... done
  Sim 132/400 (seed=1132) ... done
  Sim 133/400 (seed=1133) ... done
  Sim 134/400 (seed=1134) ... done
  Sim 135/400 (seed=1135) ... done
  Sim 136/400 (seed=1136) ... done
  Sim 137/400 (seed=1137) ... done
  Sim 138/400 (seed=1138) ... done
  Sim 139/400 (seed=1139) ... done
  Sim 140/400 (seed=1140) ... done
  Sim 141/400 (seed=1141) ... done
  Sim 142/400 (seed=1142) ... done
  Sim 143/400 (seed=1143) ... done
  Sim 144/400 (seed=1144) ... done
  Sim 145/400 (seed=1145) ... done
  Sim 146/400 (seed=1146) ... done
  Sim 147/400 (seed=1147) ... done
  Sim 148/400 (seed=1148) ... done
  Sim 149/400 (seed=1149) ... done
  Sim 150/400 (seed=1150) ... done
  Sim 151/400 (seed=1151) ... done
  Sim 152/400 (seed=1152) ... done
  Sim 153/400 (seed=1153) ... done
  Sim 154/400 (seed=1154) ... done
  Sim 155/400 (seed=1155) ... done
  Sim 156/400 (seed=1156) ... done
  Sim 157/400 (seed=1157) ... done
  Sim 158/400 (seed=1158) ... done
  Sim 159/400 (seed=1159) ... done
  Sim 160/400 (seed=1160) ... done
  Sim 161/400 (seed=1161) ... done
  Sim 162/400 (seed=1162) ... done
  Sim 163/400 (seed=1163) ... done
  Sim 164/400 (seed=1164) ... done
  Sim 165/400 (seed=1165) ... done
  Sim 166/400 (seed=1166) ... done
  Sim 167/400 (seed=1167) ... done
  Sim 168/400 (seed=1168) ... done
  Sim 169/400 (seed=1169) ... done
  Sim 170/400 (seed=1170) ... done
  Sim 171/400 (seed=1171) ... done
  Sim 172/400 (seed=1172) ... done
  Sim 173/400 (seed=1173) ... done
  Sim 174/400 (seed=1174) ... done
  Sim 175/400 (seed=1175) ... done
  Sim 176/400 (seed=1176) ... done
  Sim 177/400 (seed=1177) ... done
  Sim 178/400 (seed=1178) ... done
  Sim 179/400 (seed=1179) ... done
  Sim 180/400 (seed=1180) ... done
  Sim 181/400 (seed=1181) ... done
  Sim 182/400 (seed=1182) ... done
  Sim 183/400 (seed=1183) ... done
  Sim 184/400 (seed=1184) ... done
  Sim 185/400 (seed=1185) ... done
  Sim 186/400 (seed=1186) ... done
  Sim 187/400 (seed=1187) ... done
  Sim 188/400 (seed=1188) ... done
  Sim 189/400 (seed=1189) ... done
  Sim 190/400 (seed=1190) ... done
  Sim 191/400 (seed=1191) ... done
  Sim 192/400 (seed=1192) ... done
  Sim 193/400 (seed=1193) ... done
  Sim 194/400 (seed=1194) ... done
  Sim 195/400 (seed=1195) ... done
  Sim 196/400 (seed=1196) ... done
  Sim 197/400 (seed=1197) ... done
  Sim 198/400 (seed=1198) ... done
  Sim 199/400 (seed=1199) ... done
  Sim 200/400 (seed=1200) ... done
  Sim 201/400 (seed=1201) ... done
  Sim 202/400 (seed=1202) ... done
  Sim 203/400 (seed=1203) ... done
  Sim 204/400 (seed=1204) ... done
  Sim 205/400 (seed=1205) ... done
  Sim 206/400 (seed=1206) ... done
  Sim 207/400 (seed=1207) ... done
  Sim 208/400 (seed=1208) ... done
  Sim 209/400 (seed=1209) ... done
  Sim 210/400 (seed=1210) ... done
  Sim 211/400 (seed=1211) ... done
  Sim 212/400 (seed=1212) ... done
  Sim 213/400 (seed=1213) ... done
  Sim 214/400 (seed=1214) ... done
  Sim 215/400 (seed=1215) ... done
  Sim 216/400 (seed=1216) ... done
  Sim 217/400 (seed=1217) ... done
  Sim 218/400 (seed=1218) ... done
  Sim 219/400 (seed=1219) ... done
  Sim 220/400 (seed=1220) ... done
  Sim 221/400 (seed=1221) ... done
  Sim 222/400 (seed=1222) ... done
  Sim 223/400 (seed=1223) ... done
  Sim 224/400 (seed=1224) ... done
  Sim 225/400 (seed=1225) ... done
  Sim 226/400 (seed=1226) ... done
  Sim 227/400 (seed=1227) ... done
  Sim 228/400 (seed=1228) ... done
  Sim 229/400 (seed=1229) ... done
  Sim 230/400 (seed=1230) ... done
  Sim 231/400 (seed=1231) ... done
  Sim 232/400 (seed=1232) ... done
  Sim 233/400 (seed=1233) ... done
  Sim 234/400 (seed=1234) ... done
  Sim 235/400 (seed=1235) ... done
  Sim 236/400 (seed=1236) ... done
  Sim 237/400 (seed=1237) ... done
  Sim 238/400 (seed=1238) ... done
  Sim 239/400 (seed=1239) ... done
  Sim 240/400 (seed=1240) ... done
  Sim 241/400 (seed=1241) ... done
  Sim 242/400 (seed=1242) ... done
  Sim 243/400 (seed=1243) ... done
  Sim 244/400 (seed=1244) ... done
  Sim 245/400 (seed=1245) ... done
  Sim 246/400 (seed=1246) ... done
  Sim 247/400 (seed=1247) ... done
  Sim 248/400 (seed=1248) ... done
  Sim 249/400 (seed=1249) ... done
  Sim 250/400 (seed=1250) ... done
  Sim 251/400 (seed=1251) ... done
  Sim 252/400 (seed=1252) ... done
  Sim 253/400 (seed=1253) ... done
  Sim 254/400 (seed=1254) ... done
  Sim 255/400 (seed=1255) ... done
  Sim 256/400 (seed=1256) ... done
  Sim 257/400 (seed=1257) ... done
  Sim 258/400 (seed=1258) ... done
  Sim 259/400 (seed=1259) ... done
  Sim 260/400 (seed=1260) ... done
  Sim 261/400 (seed=1261) ... done
  Sim 262/400 (seed=1262) ... done
  Sim 263/400 (seed=1263) ... done
  Sim 264/400 (seed=1264) ... done
  Sim 265/400 (seed=1265) ... done
  Sim 266/400 (seed=1266) ... done
  Sim 267/400 (seed=1267) ... done
  Sim 268/400 (seed=1268) ... done
  Sim 269/400 (seed=1269) ... done
  Sim 270/400 (seed=1270) ... done
  Sim 271/400 (seed=1271) ... done
  Sim 272/400 (seed=1272) ... done
  Sim 273/400 (seed=1273) ... done
  Sim 274/400 (seed=1274) ... done
  Sim 275/400 (seed=1275) ... done
  Sim 276/400 (seed=1276) ... done
  Sim 277/400 (seed=1277) ... done
  Sim 278/400 (seed=1278) ... done
  Sim 279/400 (seed=1279) ... done
  Sim 280/400 (seed=1280) ... done
  Sim 281/400 (seed=1281) ... done
  Sim 282/400 (seed=1282) ... done
  Sim 283/400 (seed=1283) ... done
  Sim 284/400 (seed=1284) ... done
  Sim 285/400 (seed=1285) ... done
  Sim 286/400 (seed=1286) ... done
  Sim 287/400 (seed=1287) ... done
  Sim 288/400 (seed=1288) ... done
  Sim 289/400 (seed=1289) ... done
  Sim 290/400 (seed=1290) ... done
  Sim 291/400 (seed=1291) ... done
  Sim 292/400 (seed=1292) ... done
  Sim 293/400 (seed=1293) ... done
  Sim 294/400 (seed=1294) ... done
  Sim 295/400 (seed=1295) ... done
  Sim 296/400 (seed=1296) ... done
  Sim 297/400 (seed=1297) ... done
  Sim 298/400 (seed=1298) ... done
  Sim 299/400 (seed=1299) ... done
  Sim 300/400 (seed=1300) ... done
  Sim 301/400 (seed=1301) ... done
  Sim 302/400 (seed=1302) ... done
  Sim 303/400 (seed=1303) ... done
  Sim 304/400 (seed=1304) ... done
  Sim 305/400 (seed=1305) ... done
  Sim 306/400 (seed=1306) ... done
  Sim 307/400 (seed=1307) ... done
  Sim 308/400 (seed=1308) ... done
  Sim 309/400 (seed=1309) ... done
  Sim 310/400 (seed=1310) ... done
  Sim 311/400 (seed=1311) ... done
  Sim 312/400 (seed=1312) ... done
  Sim 313/400 (seed=1313) ... done
  Sim 314/400 (seed=1314) ... done
  Sim 315/400 (seed=1315) ... done
  Sim 316/400 (seed=1316) ... done
  Sim 317/400 (seed=1317) ... done
  Sim 318/400 (seed=1318) ... done
  Sim 319/400 (seed=1319) ... done
  Sim 320/400 (seed=1320) ... done
  Sim 321/400 (seed=1321) ... done
  Sim 322/400 (seed=1322) ... done
  Sim 323/400 (seed=1323) ... done
  Sim 324/400 (seed=1324) ... done
  Sim 325/400 (seed=1325) ... done
  Sim 326/400 (seed=1326) ... done
  Sim 327/400 (seed=1327) ... done
  Sim 328/400 (seed=1328) ... done
  Sim 329/400 (seed=1329) ... done
  Sim 330/400 (seed=1330) ... done
  Sim 331/400 (seed=1331) ... done
  Sim 332/400 (seed=1332) ... done
  Sim 333/400 (seed=1333) ... done
  Sim 334/400 (seed=1334) ... done
  Sim 335/400 (seed=1335) ... done
  Sim 336/400 (seed=1336) ... done
  Sim 337/400 (seed=1337) ... done
  Sim 338/400 (seed=1338) ... done
  Sim 339/400 (seed=1339) ... done
  Sim 340/400 (seed=1340) ... done
  Sim 341/400 (seed=1341) ... done
  Sim 342/400 (seed=1342) ... done
  Sim 343/400 (seed=1343) ... done
  Sim 344/400 (seed=1344) ... done
  Sim 345/400 (seed=1345) ... done
  Sim 346/400 (seed=1346) ... done
  Sim 347/400 (seed=1347) ... done
  Sim 348/400 (seed=1348) ... done
  Sim 349/400 (seed=1349) ... done
  Sim 350/400 (seed=1350) ... done
  Sim 351/400 (seed=1351) ... done
  Sim 352/400 (seed=1352) ... done
  Sim 353/400 (seed=1353) ... done
  Sim 354/400 (seed=1354) ... done
  Sim 355/400 (seed=1355) ... done
  Sim 356/400 (seed=1356) ... done
  Sim 357/400 (seed=1357) ... done
  Sim 358/400 (seed=1358) ... done
  Sim 359/400 (seed=1359) ... done
  Sim 360/400 (seed=1360) ... done
  Sim 361/400 (seed=1361) ... done
  Sim 362/400 (seed=1362) ... done
  Sim 363/400 (seed=1363) ... done
  Sim 364/400 (seed=1364) ... done
  Sim 365/400 (seed=1365) ... done
  Sim 366/400 (seed=1366) ... done
  Sim 367/400 (seed=1367) ... done
  Sim 368/400 (seed=1368) ... done
  Sim 369/400 (seed=1369) ... done
  Sim 370/400 (seed=1370) ... done
  Sim 371/400 (seed=1371) ... done
  Sim 372/400 (seed=1372) ... done
  Sim 373/400 (seed=1373) ... done
  Sim 374/400 (seed=1374) ... done
  Sim 375/400 (seed=1375) ... done
  Sim 376/400 (seed=1376) ... done
  Sim 377/400 (seed=1377) ... done
  Sim 378/400 (seed=1378) ... done
  Sim 379/400 (seed=1379) ... done
  Sim 380/400 (seed=1380) ... done
  Sim 381/400 (seed=1381) ... done
  Sim 382/400 (seed=1382) ... done
  Sim 383/400 (seed=1383) ... done
  Sim 384/400 (seed=1384) ... done
  Sim 385/400 (seed=1385) ... done
  Sim 386/400 (seed=1386) ... done
  Sim 387/400 (seed=1387) ... done
  Sim 388/400 (seed=1388) ... done
  Sim 389/400 (seed=1389) ... done
  Sim 390/400 (seed=1390) ... done
  Sim 391/400 (seed=1391) ... done
  Sim 392/400 (seed=1392) ... done
  Sim 393/400 (seed=1393) ... done
  Sim 394/400 (seed=1394) ... done
  Sim 395/400 (seed=1395) ... done
  Sim 396/400 (seed=1396) ... done
  Sim 397/400 (seed=1397) ... done
  Sim 398/400 (seed=1398) ... done
  Sim 399/400 (seed=1399) ... done
  Sim 400/400 (seed=1400) ... done

=== W_L diagnostics (μKarcminT=1.0, Lmax=12000, beamFWHM=1.0arcmin) ===
  ℓ        W_QE_raw   W_QE_WF    W_GI
  ℓ≈ 1001     0.8995     0.3736    -0.0000
  ℓ≈ 3015     0.9804     0.2562    -0.0000
  ℓ≈ 4996     0.9362     0.1817     0.6835
  ℓ≈ 7006     0.9783     0.0690     0.7028
  ℓ≈ 8985     0.9990     0.0170     0.5464
  ℓ≈10995     1.0155     0.0035     0.3500
Done! 400 sims.  Output: results/WL_qe_gi_12000.jld2, results/phi_maps_qe_gi_12000.jld2

======================================================================
=== Noise: μKarcminT=0.1, Lmax=20000, beamFWHM=0.3arcmin  (suffix="_ul") ===
======================================================================
  Sim 1/400 (seed=1001) ... done
  Sim 2/400 (seed=1002) ... done
  Sim 3/400 (seed=1003) ... done
  Sim 4/400 (seed=1004) ... done
  Sim 5/400 (seed=1005) ... done
  Sim 6/400 (seed=1006) ... done
  Sim 7/400 (seed=1007) ... done
  Sim 8/400 (seed=1008) ... done
  Sim 9/400 (seed=1009) ... done
  Sim 10/400 (seed=1010) ... done
  Sim 11/400 (seed=1011) ... done
  Sim 12/400 (seed=1012) ... done
  Sim 13/400 (seed=1013) ... done
  Sim 14/400 (seed=1014) ... done
  Sim 15/400 (seed=1015) ... done
  Sim 16/400 (seed=1016) ... done
  Sim 17/400 (seed=1017) ... done
  Sim 18/400 (seed=1018) ... done
  Sim 19/400 (seed=1019) ... done
  Sim 20/400 (seed=1020) ... done
  Sim 21/400 (seed=1021) ... done
  Sim 22/400 (seed=1022) ... done
  Sim 23/400 (seed=1023) ... done
  Sim 24/400 (seed=1024) ... done
  Sim 25/400 (seed=1025) ... done
  Sim 26/400 (seed=1026) ... done
  Sim 27/400 (seed=1027) ... done
  Sim 28/400 (seed=1028) ... done
  Sim 29/400 (seed=1029) ... done
  Sim 30/400 (seed=1030) ... done
  Sim 31/400 (seed=1031) ... done
  Sim 32/400 (seed=1032) ... done
  Sim 33/400 (seed=1033) ... done
  Sim 34/400 (seed=1034) ... done
  Sim 35/400 (seed=1035) ... done
  Sim 36/400 (seed=1036) ... done
  Sim 37/400 (seed=1037) ... done
  Sim 38/400 (seed=1038) ... done
  Sim 39/400 (seed=1039) ... done
  Sim 40/400 (seed=1040) ... done
  Sim 41/400 (seed=1041) ... done
  Sim 42/400 (seed=1042) ... done
  Sim 43/400 (seed=1043) ... done
  Sim 44/400 (seed=1044) ... done
  Sim 45/400 (seed=1045) ... done
  Sim 46/400 (seed=1046) ... done
  Sim 47/400 (seed=1047) ... done
  Sim 48/400 (seed=1048) ... done
  Sim 49/400 (seed=1049) ... done
  Sim 50/400 (seed=1050) ... done
  Sim 51/400 (seed=1051) ... done
  Sim 52/400 (seed=1052) ... done
  Sim 53/400 (seed=1053) ... done
  Sim 54/400 (seed=1054) ... done
  Sim 55/400 (seed=1055) ... done
  Sim 56/400 (seed=1056) ... done
  Sim 57/400 (seed=1057) ... done
  Sim 58/400 (seed=1058) ... done
  Sim 59/400 (seed=1059) ... done
  Sim 60/400 (seed=1060) ... done
  Sim 61/400 (seed=1061) ... done
  Sim 62/400 (seed=1062) ... done
  Sim 63/400 (seed=1063) ... done
  Sim 64/400 (seed=1064) ... done
  Sim 65/400 (seed=1065) ... done
  Sim 66/400 (seed=1066) ... done
  Sim 67/400 (seed=1067) ... done
  Sim 68/400 (seed=1068) ... done
  Sim 69/400 (seed=1069) ... done
  Sim 70/400 (seed=1070) ... done
  Sim 71/400 (seed=1071) ... done
  Sim 72/400 (seed=1072) ... done
  Sim 73/400 (seed=1073) ... done
  Sim 74/400 (seed=1074) ... done
  Sim 75/400 (seed=1075) ... done
  Sim 76/400 (seed=1076) ... done
  Sim 77/400 (seed=1077) ... done
  Sim 78/400 (seed=1078) ... done
  Sim 79/400 (seed=1079) ... done
  Sim 80/400 (seed=1080) ... done
  Sim 81/400 (seed=1081) ... done
  Sim 82/400 (seed=1082) ... done
  Sim 83/400 (seed=1083) ... done
  Sim 84/400 (seed=1084) ... done
  Sim 85/400 (seed=1085) ... done
  Sim 86/400 (seed=1086) ... done
  Sim 87/400 (seed=1087) ... done
  Sim 88/400 (seed=1088) ... done
  Sim 89/400 (seed=1089) ... done
  Sim 90/400 (seed=1090) ... done
  Sim 91/400 (seed=1091) ... done
  Sim 92/400 (seed=1092) ... done
  Sim 93/400 (seed=1093) ... done
  Sim 94/400 (seed=1094) ... done
  Sim 95/400 (seed=1095) ... done
  Sim 96/400 (seed=1096) ... done
  Sim 97/400 (seed=1097) ... done
  Sim 98/400 (seed=1098) ... done
  Sim 99/400 (seed=1099) ... done
  Sim 100/400 (seed=1100) ... done
  Sim 101/400 (seed=1101) ... done
  Sim 102/400 (seed=1102) ... done
  Sim 103/400 (seed=1103) ... done
  Sim 104/400 (seed=1104) ... done
  Sim 105/400 (seed=1105) ... done
  Sim 106/400 (seed=1106) ... done
  Sim 107/400 (seed=1107) ... done
  Sim 108/400 (seed=1108) ... done
  Sim 109/400 (seed=1109) ... done
  Sim 110/400 (seed=1110) ... done
  Sim 111/400 (seed=1111) ... done
  Sim 112/400 (seed=1112) ... done
  Sim 113/400 (seed=1113) ... done
  Sim 114/400 (seed=1114) ... done
  Sim 115/400 (seed=1115) ... done
  Sim 116/400 (seed=1116) ... done
  Sim 117/400 (seed=1117) ... done
  Sim 118/400 (seed=1118) ... done
  Sim 119/400 (seed=1119) ... done
  Sim 120/400 (seed=1120) ... done
  Sim 121/400 (seed=1121) ... done
  Sim 122/400 (seed=1122) ... done
  Sim 123/400 (seed=1123) ... done
  Sim 124/400 (seed=1124) ... done
  Sim 125/400 (seed=1125) ... done
  Sim 126/400 (seed=1126) ... done
  Sim 127/400 (seed=1127) ... done
  Sim 128/400 (seed=1128) ... done
  Sim 129/400 (seed=1129) ... done
  Sim 130/400 (seed=1130) ... done
  Sim 131/400 (seed=1131) ... done
  Sim 132/400 (seed=1132) ... done
  Sim 133/400 (seed=1133) ... done
  Sim 134/400 (seed=1134) ... done
  Sim 135/400 (seed=1135) ... done
  Sim 136/400 (seed=1136) ... done
  Sim 137/400 (seed=1137) ... done
  Sim 138/400 (seed=1138) ... done
  Sim 139/400 (seed=1139) ... done
  Sim 140/400 (seed=1140) ... done
  Sim 141/400 (seed=1141) ... done
  Sim 142/400 (seed=1142) ... done
  Sim 143/400 (seed=1143) ... done
  Sim 144/400 (seed=1144) ... done
  Sim 145/400 (seed=1145) ... done
  Sim 146/400 (seed=1146) ... done
  Sim 147/400 (seed=1147) ... done
  Sim 148/400 (seed=1148) ... done
  Sim 149/400 (seed=1149) ... done
  Sim 150/400 (seed=1150) ... done
  Sim 151/400 (seed=1151) ... done
  Sim 152/400 (seed=1152) ... done
  Sim 153/400 (seed=1153) ... done
  Sim 154/400 (seed=1154) ... done
  Sim 155/400 (seed=1155) ... done
  Sim 156/400 (seed=1156) ... done
  Sim 157/400 (seed=1157) ... done
  Sim 158/400 (seed=1158) ... done
  Sim 159/400 (seed=1159) ... done
  Sim 160/400 (seed=1160) ... done
  Sim 161/400 (seed=1161) ... done
  Sim 162/400 (seed=1162) ... done
  Sim 163/400 (seed=1163) ... done
  Sim 164/400 (seed=1164) ... done
  Sim 165/400 (seed=1165) ... done
  Sim 166/400 (seed=1166) ... done
  Sim 167/400 (seed=1167) ... done
  Sim 168/400 (seed=1168) ... done
  Sim 169/400 (seed=1169) ... done
  Sim 170/400 (seed=1170) ... done
  Sim 171/400 (seed=1171) ... done
  Sim 172/400 (seed=1172) ... done
  Sim 173/400 (seed=1173) ... done
  Sim 174/400 (seed=1174) ... done
  Sim 175/400 (seed=1175) ... done
  Sim 176/400 (seed=1176) ... done
  Sim 177/400 (seed=1177) ... done
  Sim 178/400 (seed=1178) ... done
  Sim 179/400 (seed=1179) ... done
  Sim 180/400 (seed=1180) ... done
  Sim 181/400 (seed=1181) ... done
  Sim 182/400 (seed=1182) ... done
  Sim 183/400 (seed=1183) ... done
  Sim 184/400 (seed=1184) ... done
  Sim 185/400 (seed=1185) ... done
  Sim 186/400 (seed=1186) ... done
  Sim 187/400 (seed=1187) ... done
  Sim 188/400 (seed=1188) ... done
  Sim 189/400 (seed=1189) ... done
  Sim 190/400 (seed=1190) ... done
  Sim 191/400 (seed=1191) ... done
  Sim 192/400 (seed=1192) ... done
  Sim 193/400 (seed=1193) ... done
  Sim 194/400 (seed=1194) ... done
  Sim 195/400 (seed=1195) ... done
  Sim 196/400 (seed=1196) ... done
  Sim 197/400 (seed=1197) ... done
  Sim 198/400 (seed=1198) ... done
  Sim 199/400 (seed=1199) ... done
  Sim 200/400 (seed=1200) ... done
  Sim 201/400 (seed=1201) ... done
  Sim 202/400 (seed=1202) ... done
  Sim 203/400 (seed=1203) ... done
  Sim 204/400 (seed=1204) ... done
  Sim 205/400 (seed=1205) ... done
  Sim 206/400 (seed=1206) ... done
  Sim 207/400 (seed=1207) ... done
  Sim 208/400 (seed=1208) ... done
  Sim 209/400 (seed=1209) ... done
  Sim 210/400 (seed=1210) ... done
  Sim 211/400 (seed=1211) ... done
  Sim 212/400 (seed=1212) ... done
  Sim 213/400 (seed=1213) ... done
  Sim 214/400 (seed=1214) ... done
  Sim 215/400 (seed=1215) ... done
  Sim 216/400 (seed=1216) ... done
  Sim 217/400 (seed=1217) ... done
  Sim 218/400 (seed=1218) ... done
  Sim 219/400 (seed=1219) ... done
  Sim 220/400 (seed=1220) ... done
  Sim 221/400 (seed=1221) ... done
  Sim 222/400 (seed=1222) ... done
  Sim 223/400 (seed=1223) ... done
  Sim 224/400 (seed=1224) ... done
  Sim 225/400 (seed=1225) ... done
  Sim 226/400 (seed=1226) ... done
  Sim 227/400 (seed=1227) ... done
  Sim 228/400 (seed=1228) ... done
  Sim 229/400 (seed=1229) ... done
  Sim 230/400 (seed=1230) ... done
  Sim 231/400 (seed=1231) ... done
  Sim 232/400 (seed=1232) ... done
  Sim 233/400 (seed=1233) ... done
  Sim 234/400 (seed=1234) ... done
  Sim 235/400 (seed=1235) ... done
  Sim 236/400 (seed=1236) ... done
  Sim 237/400 (seed=1237) ... done
  Sim 238/400 (seed=1238) ... done
  Sim 239/400 (seed=1239) ... done
  Sim 240/400 (seed=1240) ... done
  Sim 241/400 (seed=1241) ... done
  Sim 242/400 (seed=1242) ... done
  Sim 243/400 (seed=1243) ... done
  Sim 244/400 (seed=1244) ... done
  Sim 245/400 (seed=1245) ... done
  Sim 246/400 (seed=1246) ... done
  Sim 247/400 (seed=1247) ... done
  Sim 248/400 (seed=1248) ... done
  Sim 249/400 (seed=1249) ... done
  Sim 250/400 (seed=1250) ... done
  Sim 251/400 (seed=1251) ... done
  Sim 252/400 (seed=1252) ... done
  Sim 253/400 (seed=1253) ... done
  Sim 254/400 (seed=1254) ... done
  Sim 255/400 (seed=1255) ... done
  Sim 256/400 (seed=1256) ... done
  Sim 257/400 (seed=1257) ... done
  Sim 258/400 (seed=1258) ... done
  Sim 259/400 (seed=1259) ... done
  Sim 260/400 (seed=1260) ... done
  Sim 261/400 (seed=1261) ... done
  Sim 262/400 (seed=1262) ... done
  Sim 263/400 (seed=1263) ... done
  Sim 264/400 (seed=1264) ... done
  Sim 265/400 (seed=1265) ... done
  Sim 266/400 (seed=1266) ... done
  Sim 267/400 (seed=1267) ... done
  Sim 268/400 (seed=1268) ... done
  Sim 269/400 (seed=1269) ... done
  Sim 270/400 (seed=1270) ... done
  Sim 271/400 (seed=1271) ... done
  Sim 272/400 (seed=1272) ... done
  Sim 273/400 (seed=1273) ... done
  Sim 274/400 (seed=1274) ... done
  Sim 275/400 (seed=1275) ... done
  Sim 276/400 (seed=1276) ... done
  Sim 277/400 (seed=1277) ... done
  Sim 278/400 (seed=1278) ... done
  Sim 279/400 (seed=1279) ... done
  Sim 280/400 (seed=1280) ... done
  Sim 281/400 (seed=1281) ... done
  Sim 282/400 (seed=1282) ... done
  Sim 283/400 (seed=1283) ... done
  Sim 284/400 (seed=1284) ... done
  Sim 285/400 (seed=1285) ... done
  Sim 286/400 (seed=1286) ... done
  Sim 287/400 (seed=1287) ... done
  Sim 288/400 (seed=1288) ... done
  Sim 289/400 (seed=1289) ... done
  Sim 290/400 (seed=1290) ... done
  Sim 291/400 (seed=1291) ... done
  Sim 292/400 (seed=1292) ... done
  Sim 293/400 (seed=1293) ... done
  Sim 294/400 (seed=1294) ... done
  Sim 295/400 (seed=1295) ... done
  Sim 296/400 (seed=1296) ... done
  Sim 297/400 (seed=1297) ... done
  Sim 298/400 (seed=1298) ... done
  Sim 299/400 (seed=1299) ... done
  Sim 300/400 (seed=1300) ... done
  Sim 301/400 (seed=1301) ... done
  Sim 302/400 (seed=1302) ... done
  Sim 303/400 (seed=1303) ... done
  Sim 304/400 (seed=1304) ... done
  Sim 305/400 (seed=1305) ... done
  Sim 306/400 (seed=1306) ... done
  Sim 307/400 (seed=1307) ... done
  Sim 308/400 (seed=1308) ... done
  Sim 309/400 (seed=1309) ... done
  Sim 310/400 (seed=1310) ... done
  Sim 311/400 (seed=1311) ... done
  Sim 312/400 (seed=1312) ... done
  Sim 313/400 (seed=1313) ... done
  Sim 314/400 (seed=1314) ... done
  Sim 315/400 (seed=1315) ... done
  Sim 316/400 (seed=1316) ... done
  Sim 317/400 (seed=1317) ... done
  Sim 318/400 (seed=1318) ... done
  Sim 319/400 (seed=1319) ... done
  Sim 320/400 (seed=1320) ... done
  Sim 321/400 (seed=1321) ... done
  Sim 322/400 (seed=1322) ... done
  Sim 323/400 (seed=1323) ... done
  Sim 324/400 (seed=1324) ... done
  Sim 325/400 (seed=1325) ... done
  Sim 326/400 (seed=1326) ... done
  Sim 327/400 (seed=1327) ... done
  Sim 328/400 (seed=1328) ... done
  Sim 329/400 (seed=1329) ... done
  Sim 330/400 (seed=1330) ... done
  Sim 331/400 (seed=1331) ... done
  Sim 332/400 (seed=1332) ... done
  Sim 333/400 (seed=1333) ... done
  Sim 334/400 (seed=1334) ... done
  Sim 335/400 (seed=1335) ... done
  Sim 336/400 (seed=1336) ... done
  Sim 337/400 (seed=1337) ... done
  Sim 338/400 (seed=1338) ... done
  Sim 339/400 (seed=1339) ... done
  Sim 340/400 (seed=1340) ... done
  Sim 341/400 (seed=1341) ... done
  Sim 342/400 (seed=1342) ... done
  Sim 343/400 (seed=1343) ... done
  Sim 344/400 (seed=1344) ... done
  Sim 345/400 (seed=1345) ... done
  Sim 346/400 (seed=1346) ... done
  Sim 347/400 (seed=1347) ... done
  Sim 348/400 (seed=1348) ... done
  Sim 349/400 (seed=1349) ... done
  Sim 350/400 (seed=1350) ... done
  Sim 351/400 (seed=1351) ... done
  Sim 352/400 (seed=1352) ... done
  Sim 353/400 (seed=1353) ... done
  Sim 354/400 (seed=1354) ... done
  Sim 355/400 (seed=1355) ... done
  Sim 356/400 (seed=1356) ... done
  Sim 357/400 (seed=1357) ... done
  Sim 358/400 (seed=1358) ... done
  Sim 359/400 (seed=1359) ... done
  Sim 360/400 (seed=1360) ... done
  Sim 361/400 (seed=1361) ... done
  Sim 362/400 (seed=1362) ... done
  Sim 363/400 (seed=1363) ... done
  Sim 364/400 (seed=1364) ... done
  Sim 365/400 (seed=1365) ... done
  Sim 366/400 (seed=1366) ... done
  Sim 367/400 (seed=1367) ... done
  Sim 368/400 (seed=1368) ... done
  Sim 369/400 (seed=1369) ... done
  Sim 370/400 (seed=1370) ... done
  Sim 371/400 (seed=1371) ... done
  Sim 372/400 (seed=1372) ... done
  Sim 373/400 (seed=1373) ... done
  Sim 374/400 (seed=1374) ... done
  Sim 375/400 (seed=1375) ... done
  Sim 376/400 (seed=1376) ... done
  Sim 377/400 (seed=1377) ... done
  Sim 378/400 (seed=1378) ... done
  Sim 379/400 (seed=1379) ... done
  Sim 380/400 (seed=1380) ... done
  Sim 381/400 (seed=1381) ... done
  Sim 382/400 (seed=1382) ... done
  Sim 383/400 (seed=1383) ... done
  Sim 384/400 (seed=1384) ... done
  Sim 385/400 (seed=1385) ... done
  Sim 386/400 (seed=1386) ... done
  Sim 387/400 (seed=1387) ... done
  Sim 388/400 (seed=1388) ... done
  Sim 389/400 (seed=1389) ... done
  Sim 390/400 (seed=1390) ... done
  Sim 391/400 (seed=1391) ... done
  Sim 392/400 (seed=1392) ... done
  Sim 393/400 (seed=1393) ... done
  Sim 394/400 (seed=1394) ... done
  Sim 395/400 (seed=1395) ... done
  Sim 396/400 (seed=1396) ... done
  Sim 397/400 (seed=1397) ... done
  Sim 398/400 (seed=1398) ... done
  Sim 399/400 (seed=1399) ... done
  Sim 400/400 (seed=1400) ... done

=== W_L diagnostics (μKarcminT=0.1, Lmax=20000, beamFWHM=0.3arcmin) ===
  ℓ        W_QE_raw   W_QE_WF    W_GI
  ℓ≈ 1001    -2.8898    -1.9996    -0.0000
  ℓ≈ 3015     2.8489     1.3657    -0.0000
  ℓ≈ 4996     1.5757     0.9161     0.8280
  ℓ≈ 7006     0.7865     0.5238     0.9767
  ℓ≈ 8985     0.8062     0.5442     0.9476
  ℓ≈10995     1.1360     0.6783     0.9152
Done! 400 sims.  Output: results/WL_qe_gi_12000_ul.jld2, results/phi_maps_qe_gi_12000_ul.jld2

All done.
